nohup: ignoring input
[[1;34mINFO[m] Scanning for projects...
[[1;34mINFO[m] 
[[1;34mINFO[m] [1m-----------------------< [0;36mma.ensaj:order-service[0;1m >-----------------------[m
[[1;34mINFO[m] [1mBuilding order-service 0.0.1-SNAPSHOT[m
[[1;34mINFO[m] [1m--------------------------------[ jar ]---------------------------------[m
[[1;34mINFO[m] 
[[1;34mINFO[m] [1m>>> [0;32mspring-boot-maven-plugin:4.0.0:run[m [1m(default-cli)[0;1m > [0;1mtest-compile[m @ [36morder-service[0;1m >>>[m
[[1;34mINFO[m] 
[[1;34mINFO[m] [1m--- [0;32mmaven-resources-plugin:3.3.1:resources[m [1m(default-resources)[m @ [36morder-service[0;1m ---[m
[[1;34mINFO[m] Copying 1 resource from src/main/resources to target/classes
[[1;34mINFO[m] Copying 0 resource from src/main/resources to target/classes
[[1;34mINFO[m] 
[[1;34mINFO[m] [1m--- [0;32mmaven-compiler-plugin:3.14.1:compile[m [1m(default-compile)[m @ [36morder-service[0;1m ---[m
[[1;34mINFO[m] Nothing to compile - all classes are up to date.
[[1;34mINFO[m] 
[[1;34mINFO[m] [1m--- [0;32mmaven-resources-plugin:3.3.1:testResources[m [1m(default-testResources)[m @ [36morder-service[0;1m ---[m
[[1;34mINFO[m] skip non existing resourceDirectory /home/zineb/Desktop/S5/Archi_microservices/projetFinal/ecommerce-microservices-spring/order-service/src/test/resources
[[1;34mINFO[m] 
[[1;34mINFO[m] [1m--- [0;32mmaven-compiler-plugin:3.14.1:testCompile[m [1m(default-testCompile)[m @ [36morder-service[0;1m ---[m
[[1;34mINFO[m] Recompiling the module because of [1mchanged source code[m.
[[1;34mINFO[m] Compiling 1 source file with javac [debug parameters release 21] to target/test-classes
[[1;34mINFO[m] 
[[1;34mINFO[m] [1m<<< [0;32mspring-boot-maven-plugin:4.0.0:run[m [1m(default-cli)[0;1m < [0;1mtest-compile[m @ [36morder-service[0;1m <<<[m
[[1;34mINFO[m] 
[[1;34mINFO[m] 
[[1;34mINFO[m] [1m--- [0;32mspring-boot-maven-plugin:4.0.0:run[m [1m(default-cli)[m @ [36morder-service[0;1m ---[m
[[1;34mINFO[m] Attaching agents: []

  .   ____          _            __ _ _
 /\\ / ___'_ __ _ _(_)_ __  __ _ \ \ \ \
( ( )\___ | '_ | '_| | '_ \/ _` | \ \ \ \
 \\/  ___)| |_)| | | | | || (_| |  ) ) ) )
  '  |____| .__|_| |_|_| |_\__, | / / / /
 =========|_|==============|___/=/_/_/_/

 :: Spring Boot ::                (v4.0.0)

2025-12-30T10:09:23.917+01:00  INFO 215706 --- [order-service] [           main] m.e.o.OrderServiceApplication            : Starting OrderServiceApplication using Java 21.0.9 with PID 215706 (/home/zineb/Desktop/S5/Archi_microservices/projetFinal/ecommerce-microservices-spring/order-service/target/classes started by zineb in /home/zineb/Desktop/S5/Archi_microservices/projetFinal/ecommerce-microservices-spring/order-service)
2025-12-30T10:09:23.919+01:00  INFO 215706 --- [order-service] [           main] m.e.o.OrderServiceApplication            : No active profile set, falling back to 1 default profile: "default"
2025-12-30T10:09:23.944+01:00  INFO 215706 --- [order-service] [           main] o.s.c.c.c.ConfigServerConfigDataLoader   : Fetching config from server at : http://localhost:9999
2025-12-30T10:09:23.945+01:00  INFO 215706 --- [order-service] [           main] o.s.c.c.c.ConfigServerConfigDataLoader   : Located environment: name=order-service, profiles=[default], label=null, version=2f41b4e2fb711b89596491f62c57068217363785, state=
2025-12-30T10:09:24.459+01:00  INFO 215706 --- [order-service] [           main] .s.d.r.c.RepositoryConfigurationDelegate : Bootstrapping Spring Data JPA repositories in DEFAULT mode.
2025-12-30T10:09:24.543+01:00  INFO 215706 --- [order-service] [           main] .s.d.r.c.RepositoryConfigurationDelegate : Finished Spring Data repository scanning in 79 ms. Found 2 JPA repository interfaces.
2025-12-30T10:09:24.715+01:00  INFO 215706 --- [order-service] [           main] o.s.cloud.context.scope.GenericScope     : BeanFactory id=4339783f-bc6d-3f0e-bd95-19c28d6747dd
2025-12-30T10:09:24.965+01:00  INFO 215706 --- [order-service] [           main] o.s.boot.tomcat.TomcatWebServer          : Tomcat initialized with port 8085 (http)
2025-12-30T10:09:24.975+01:00  INFO 215706 --- [order-service] [           main] o.apache.catalina.core.StandardService   : Starting service [Tomcat]
2025-12-30T10:09:24.975+01:00  INFO 215706 --- [order-service] [           main] o.apache.catalina.core.StandardEngine    : Starting Servlet engine: [Apache Tomcat/11.0.14]
2025-12-30T10:09:25.017+01:00  INFO 215706 --- [order-service] [           main] b.w.c.s.WebApplicationContextInitializer : Root WebApplicationContext: initialization completed in 1070 ms
2025-12-30T10:09:25.142+01:00  INFO 215706 --- [order-service] [           main] o.hibernate.jpa.internal.util.LogHelper  : HHH000204: Processing PersistenceUnitInfo [name: default]
2025-12-30T10:09:25.196+01:00  INFO 215706 --- [order-service] [           main] org.hibernate.Version                    : HHH000412: Hibernate ORM core version 7.1.8.Final
2025-12-30T10:09:25.535+01:00  INFO 215706 --- [order-service] [           main] o.s.o.j.p.SpringPersistenceUnitInfo      : No LoadTimeWeaver setup: ignoring JPA class transformer
2025-12-30T10:09:25.559+01:00  INFO 215706 --- [order-service] [           main] com.zaxxer.hikari.HikariDataSource       : HikariPool-1 - Starting...
2025-12-30T10:09:25.654+01:00  INFO 215706 --- [order-service] [           main] com.zaxxer.hikari.pool.HikariPool        : HikariPool-1 - Added connection org.postgresql.jdbc.PgConnection@15f229e8
2025-12-30T10:09:25.655+01:00  INFO 215706 --- [order-service] [           main] com.zaxxer.hikari.HikariDataSource       : HikariPool-1 - Start completed.
2025-12-30T10:09:25.672+01:00  WARN 215706 --- [order-service] [           main] org.hibernate.orm.deprecation            : HHH90000025: PostgreSQLDialect does not need to be specified explicitly using 'hibernate.dialect' (remove the property setting and it will be selected by default)
2025-12-30T10:09:25.690+01:00  INFO 215706 --- [order-service] [           main] org.hibernate.orm.connections.pooling    : HHH10001005: Database info:
	Database JDBC URL [jdbc:postgresql://localhost:5435/orderdb]
	Database driver: PostgreSQL JDBC Driver
	Database dialect: PostgreSQLDialect
	Database version: 15.15
	Default catalog/schema: orderdb/public
	Autocommit mode: undefined/unknown
	Isolation level: READ_COMMITTED [default READ_COMMITTED]
	JDBC fetch size: none
	Pool: DatasourceConnectionProviderImpl
	Minimum pool size: undefined/unknown
	Maximum pool size: undefined/unknown
2025-12-30T10:09:26.362+01:00  INFO 215706 --- [order-service] [           main] o.h.e.t.j.p.i.JtaPlatformInitiator       : HHH000489: No JTA platform available (set 'hibernate.transaction.jta.platform' to enable JTA platform integration)
2025-12-30T10:09:26.418+01:00  INFO 215706 --- [order-service] [           main] j.LocalContainerEntityManagerFactoryBean : Initialized JPA EntityManagerFactory for persistence unit 'default'
2025-12-30T10:09:26.593+01:00  INFO 215706 --- [order-service] [           main] o.s.d.j.r.query.QueryEnhancerFactories   : Hibernate is in classpath; If applicable, HQL parser will be used.
2025-12-30T10:09:26.813+01:00  WARN 215706 --- [order-service] [           main] JpaBaseConfiguration$JpaWebConfiguration : spring.jpa.open-in-view is enabled by default. Therefore, database queries may be performed during view rendering. Explicitly configure spring.jpa.open-in-view to disable this warning
2025-12-30T10:09:27.293+01:00  INFO 215706 --- [order-service] [           main] DiscoveryClientOptionalArgsConfiguration : Eureka HTTP Client uses RestClient.
2025-12-30T10:09:27.375+01:00  WARN 215706 --- [order-service] [           main] iguration$LoadBalancerCaffeineWarnLogger : Spring Cloud LoadBalancer is currently working with the default cache. While this cache implementation is useful for development and tests, it's recommended to use Caffeine cache in production.You can switch to using Caffeine cache, by adding it and org.springframework.cache.caffeine.CaffeineCacheManager to the classpath.
2025-12-30T10:09:27.417+01:00  INFO 215706 --- [order-service] [           main] o.s.c.n.eureka.InstanceInfoFactory       : Setting initial instance status as: STARTING
2025-12-30T10:09:27.434+01:00  INFO 215706 --- [order-service] [           main] com.netflix.discovery.DiscoveryClient    : Initializing Eureka in region us-east-1
2025-12-30T10:09:27.437+01:00  INFO 215706 --- [order-service] [           main] c.n.d.s.r.aws.ConfigClusterResolver      : Resolving eureka endpoints via configuration
2025-12-30T10:09:27.443+01:00  INFO 215706 --- [order-service] [           main] com.netflix.discovery.DiscoveryClient    : Disable delta property : false
2025-12-30T10:09:27.443+01:00  INFO 215706 --- [order-service] [           main] com.netflix.discovery.DiscoveryClient    : Single vip registry refresh property : null
2025-12-30T10:09:27.443+01:00  INFO 215706 --- [order-service] [           main] com.netflix.discovery.DiscoveryClient    : Force full registry fetch : false
2025-12-30T10:09:27.443+01:00  INFO 215706 --- [order-service] [           main] com.netflix.discovery.DiscoveryClient    : Application is null : false
2025-12-30T10:09:27.443+01:00  INFO 215706 --- [order-service] [           main] com.netflix.discovery.DiscoveryClient    : Registered Applications size is zero : true
2025-12-30T10:09:27.443+01:00  INFO 215706 --- [order-service] [           main] com.netflix.discovery.DiscoveryClient    : Application version is -1: true
2025-12-30T10:09:27.443+01:00  INFO 215706 --- [order-service] [           main] com.netflix.discovery.DiscoveryClient    : Getting all instance registry info from the eureka server
2025-12-30T10:09:27.632+01:00  INFO 215706 --- [order-service] [           main] com.netflix.discovery.DiscoveryClient    : The response status is 200
2025-12-30T10:09:27.633+01:00  INFO 215706 --- [order-service] [           main] com.netflix.discovery.DiscoveryClient    : Starting heartbeat executor: renew interval is: 30
2025-12-30T10:09:27.634+01:00  INFO 215706 --- [order-service] [           main] c.n.discovery.InstanceInfoReplicator     : InstanceInfoReplicator onDemand update allowed rate per min is 4
2025-12-30T10:09:27.635+01:00  INFO 215706 --- [order-service] [           main] com.netflix.discovery.DiscoveryClient    : Discovery Client initialized at timestamp 1767085767635 with initial instances count: 6
2025-12-30T10:09:27.638+01:00  INFO 215706 --- [order-service] [           main] o.s.c.n.e.s.EurekaServiceRegistry        : Registering application ORDER-SERVICE with eureka with status UP
2025-12-30T10:09:27.638+01:00  INFO 215706 --- [order-service] [           main] com.netflix.discovery.DiscoveryClient    : Saw local status change event StatusChangeEvent [timestamp=1767085767638, current=UP, previous=STARTING]
2025-12-30T10:09:27.639+01:00  INFO 215706 --- [order-service] [foReplicator-%d] com.netflix.discovery.DiscoveryClient    : DiscoveryClient_ORDER-SERVICE/Shadow:order-service:8085: registering service...
2025-12-30T10:09:27.650+01:00  INFO 215706 --- [order-service] [           main] o.s.boot.tomcat.TomcatWebServer          : Tomcat started on port 8085 (http) with context path '/'
2025-12-30T10:09:27.651+01:00  INFO 215706 --- [order-service] [           main] .s.c.n.e.s.EurekaAutoServiceRegistration : Updating port to 8085
2025-12-30T10:09:27.666+01:00  INFO 215706 --- [order-service] [foReplicator-%d] com.netflix.discovery.DiscoveryClient    : DiscoveryClient_ORDER-SERVICE/Shadow:order-service:8085 - registration status: 204
2025-12-30T10:09:27.727+01:00  INFO 215706 --- [order-service] [           main] m.e.o.OrderServiceApplication            : Started OrderServiceApplication in 5.214 seconds (process running for 5.587)
2025-12-30T10:09:27.730+01:00  WARN 215706 --- [order-service] [           main] o.s.core.events.SpringDocAppInitializer  : SpringDoc /v3/api-docs endpoint is enabled by default. To disable it in production, set the property 'springdoc.api-docs.enabled=false'
2025-12-30T10:09:27.730+01:00  WARN 215706 --- [order-service] [           main] o.s.core.events.SpringDocAppInitializer  : SpringDoc /swagger-ui.html endpoint is enabled by default. To disable it in production, set the property 'springdoc.swagger-ui.enabled=false'
2025-12-30T10:09:54.536+01:00  INFO 215706 --- [order-service] [nio-8085-exec-1] o.a.c.c.C.[Tomcat].[localhost].[/]       : Initializing Spring DispatcherServlet 'dispatcherServlet'
2025-12-30T10:09:54.536+01:00  INFO 215706 --- [order-service] [nio-8085-exec-1] o.s.web.servlet.DispatcherServlet        : Initializing Servlet 'dispatcherServlet'
2025-12-30T10:09:54.537+01:00  INFO 215706 --- [order-service] [nio-8085-exec-1] o.s.web.servlet.DispatcherServlet        : Completed initialization in 1 ms
2025-12-30T10:09:54.580+01:00  INFO 215706 --- [order-service] [nio-8085-exec-1] m.e.o.services.OrderServiceImpl          : Retrieving all orders
Hibernate: 
    select
        o1_0.id,
        o1_0.client_id,
        o1_0.created_at,
        o1_0.delivery_address,
        o1_0.order_number,
        o1_0.payment_method,
        o1_0.status,
        o1_0.total_amount 
    from
        t_order o1_0
Hibernate: 
    select
        ol1_0.order_id,
        ol1_0.id,
        ol1_0.price,
        ol1_0.quantity,
        ol1_0.sku_code 
    from
        t_order_line ol1_0 
    where
        ol1_0.order_id=?
2025-12-30T10:13:27.694+01:00  INFO 215706 --- [order-service] [beatExecutor-%d] com.netflix.discovery.DiscoveryClient    : DiscoveryClient_ORDER-SERVICE/Shadow:order-service:8085 - Re-registering apps/ORDER-SERVICE
2025-12-30T10:13:27.694+01:00  INFO 215706 --- [order-service] [beatExecutor-%d] com.netflix.discovery.DiscoveryClient    : DiscoveryClient_ORDER-SERVICE/Shadow:order-service:8085: registering service...
2025-12-30T10:13:27.698+01:00  INFO 215706 --- [order-service] [beatExecutor-%d] com.netflix.discovery.DiscoveryClient    : DiscoveryClient_ORDER-SERVICE/Shadow:order-service:8085 - registration status: 204
2025-12-30T10:13:28.358+01:00  INFO 215706 --- [order-service] [nio-8085-exec-2] m.e.o.services.OrderServiceImpl          : Retrieving all orders
Hibernate: 
    select
        o1_0.id,
        o1_0.client_id,
        o1_0.created_at,
        o1_0.delivery_address,
        o1_0.order_number,
        o1_0.payment_method,
        o1_0.status,
        o1_0.total_amount 
    from
        t_order o1_0
Hibernate: 
    select
        ol1_0.order_id,
        ol1_0.id,
        ol1_0.price,
        ol1_0.quantity,
        ol1_0.sku_code 
    from
        t_order_line ol1_0 
    where
        ol1_0.order_id=?
